// Jest Snapshot v1, https://goo.gl/fbAQLP

exports[`Clock component renders clock 1`] = `
<DocumentFragment>
  <div
    class="MuiContainer-root MuiContainer-maxWidthLg css-1oqqzyl-MuiContainer-root"
  >
    <p
      class="MuiTypography-root MuiTypography-body1 css-1k5mdrr-MuiTypography-root"
    >
      07:49:13
    </p>
    <p
      class="MuiTypography-root MuiTypography-body1 css-9tlfgg-MuiTypography-root"
    >
      It is morning
    </p>
  </div>
</DocumentFragment>
`;
